0 verbose cli /opt/homebrew/Cellar/node/24.4.1/bin/node /opt/homebrew/bin/npm
1 info using npm@11.4.2
2 info using node@v24.4.1
3 silly config load:file:/opt/homebrew/lib/node_modules/npm/npmrc
4 silly config load:file:/Users/code-with-a/Dev/CristinaZurbaSite/TarrotByAIWebsite/.npmrc
5 silly config load:file:/Users/code-with-a/.npmrc
6 silly config load:file:/opt/homebrew/etc/npmrc
7 verbose title npm install @radix-ui/react-dropdown-menu @radix-ui/react-separator @radix-ui/react-tabs
8 verbose argv "install" "@radix-ui/react-dropdown-menu" "@radix-ui/react-separator" "@radix-ui/react-tabs"
9 verbose logfile logs-max:10 dir:/Users/code-with-a/Dev/CristinaZurbaSite/TarrotByAIWebsite/.npm-cache/_logs/2026-02-06T07_46_24_701Z-
10 verbose logfile /Users/code-with-a/Dev/CristinaZurbaSite/TarrotByAIWebsite/.npm-cache/_logs/2026-02-06T07_46_24_701Z-debug-0.log
11 silly logfile done cleaning log files
12 silly packumentCache heap:2348810240 maxSize:587202560 maxEntrySize:293601280
13 silly idealTree buildDeps
14 silly fetch manifest @radix-ui/react-dropdown-menu@^2.1.2
15 silly packumentCache full:https://registry.npmjs.org/@radix-ui%2freact-dropdown-menu cache-miss
16 http fetch GET 200 https://registry.npmjs.org/@radix-ui%2freact-dropdown-menu 834ms (cache miss)
17 silly packumentCache full:https://registry.npmjs.org/@radix-ui%2freact-dropdown-menu set size:undefined disposed:false
18 silly fetch manifest @types/react@*
19 silly packumentCache full:https://registry.npmjs.org/@types%2freact cache-miss
20 http fetch GET 200 https://registry.npmjs.org/@types%2freact 116ms (cache miss)
21 silly packumentCache full:https://registry.npmjs.org/@types%2freact set size:undefined disposed:false
22 silly fetch manifest @types/react-dom@*
23 silly packumentCache full:https://registry.npmjs.org/@types%2freact-dom cache-miss
24 http fetch GET 200 https://registry.npmjs.org/@types%2freact-dom 80ms (cache miss)
25 silly packumentCache full:https://registry.npmjs.org/@types%2freact-dom set size:undefined disposed:false
26 silly fetch manifest react@^18.2.0
27 silly packumentCache full:https://registry.npmjs.org/react cache-miss
28 http fetch GET 200 https://registry.npmjs.org/react 194ms (cache miss)
29 silly packumentCache full:https://registry.npmjs.org/react set size:undefined disposed:false
30 silly fetch manifest react-dom@^18.2.0
31 silly packumentCache full:https://registry.npmjs.org/react-dom cache-miss
32 http fetch GET 200 https://registry.npmjs.org/react-dom 225ms (cache miss)
33 silly packumentCache full:https://registry.npmjs.org/react-dom set size:undefined disposed:false
34 silly fetch manifest @radix-ui/react-separator@^1.1.1
35 silly packumentCache full:https://registry.npmjs.org/@radix-ui%2freact-separator cache-miss
36 http fetch GET 200 https://registry.npmjs.org/@radix-ui%2freact-separator 132ms (cache miss)
37 silly packumentCache full:https://registry.npmjs.org/@radix-ui%2freact-separator set size:undefined disposed:false
38 silly fetch manifest @radix-ui/react-tabs@^1.1.1
39 silly packumentCache full:https://registry.npmjs.org/@radix-ui%2freact-tabs cache-miss
40 http fetch GET 200 https://registry.npmjs.org/@radix-ui%2freact-tabs 527ms (cache miss)
41 silly packumentCache full:https://registry.npmjs.org/@radix-ui%2freact-tabs set size:undefined disposed:false
42 verbose stack Error: could not resolve
42 verbose stack     at PlaceDep.failPeerConflict (/opt/homebrew/lib/node_modules/npm/node_modules/@npmcli/arborist/lib/place-dep.js:503:25)
42 verbose stack     at new PlaceDep (/opt/homebrew/lib/node_modules/npm/node_modules/@npmcli/arborist/lib/place-dep.js:157:21)
42 verbose stack     at #buildDepStep (/opt/homebrew/lib/node_modules/npm/node_modules/@npmcli/arborist/lib/arborist/build-ideal-tree.js:931:18)
42 verbose stack     at async Arborist.buildIdealTree (/opt/homebrew/lib/node_modules/npm/node_modules/@npmcli/arborist/lib/arborist/build-ideal-tree.js:182:7)
42 verbose stack     at async Promise.all (index 1)
42 verbose stack     at async Arborist.reify (/opt/homebrew/lib/node_modules/npm/node_modules/@npmcli/arborist/lib/arborist/reify.js:131:5)
42 verbose stack     at async Install.exec (/opt/homebrew/lib/node_modules/npm/lib/commands/install.js:149:5)
42 verbose stack     at async Npm.exec (/opt/homebrew/lib/node_modules/npm/lib/npm.js:208:9)
42 verbose stack     at async module.exports (/opt/homebrew/lib/node_modules/npm/lib/cli/entry.js:67:5)
43 error code ERESOLVE
44 error ERESOLVE could not resolve
45 error
46 error While resolving: tarot-by-ai-website@0.1.0
46 error Found: @types/react@18.3.23
46 error node_modules/@types/react
46 error   peerOptional @types/react@"^17.0.0 || ^18.0.0" from @mui/base@5.0.0-dev.20240529-082515-213b5e33ab
46 error   node_modules/@mui/base
46 error     @mui/base@"^5.0.0-beta.22" from @mui/x-date-pickers@6.20.2
46 error     node_modules/@mui/x-date-pickers
46 error       @mui/x-date-pickers@"^6.19.6" from the root project
46 error   peerOptional @types/react@"^17.0.0 || ^18.0.0 || ^19.0.0" from @mui/utils@6.4.9
46 error   node_modules/@mui/base/node_modules/@mui/utils
46 error     @mui/utils@"^6.0.0-dev.20240529-082515-213b5e33ab" from @mui/base@5.0.0-dev.20240529-082515-213b5e33ab
46 error     node_modules/@mui/base
46 error       @mui/base@"^5.0.0-beta.22" from @mui/x-date-pickers@6.20.2
46 error       node_modules/@mui/x-date-pickers
46 error         @mui/x-date-pickers@"^6.19.6" from the root project
46 error   18 more (@mui/icons-material, @mui/material, ...)
46 error
46 error Could not resolve dependency:
46 error @radix-ui/react-dropdown-menu@"^2.1.2" from the root project
46 error
46 error Conflicting peer dependency: @types/react@19.2.13
46 error node_modules/@types/react
46 error   peer @types/react@"^19.2.0" from @types/react-dom@19.2.3
46 error   node_modules/@types/react-dom
46 error     peerOptional @types/react-dom@"*" from @radix-ui/react-dropdown-menu@2.1.16
46 error     node_modules/@radix-ui/react-dropdown-menu
46 error       @radix-ui/react-dropdown-menu@"^2.1.2" from the root project
46 error
46 error Fix the upstream dependency conflict, or retry
46 error this command with --force or --legacy-peer-deps
46 error to accept an incorrect (and potentially broken) dependency resolution.
47 error
47 error
47 error For a full report see:
47 error /Users/code-with-a/Dev/CristinaZurbaSite/TarrotByAIWebsite/.npm-cache/_logs/2026-02-06T07_46_24_701Z-eresolve-report.txt
48 silly unfinished npm timer reify 1770363984858
49 silly unfinished npm timer reify:loadTrees 1770363984859
50 silly unfinished npm timer idealTree:buildDeps 1770363985161
51 silly unfinished npm timer idealTree:#root 1770363985161
52 verbose cwd /Users/code-with-a/Dev/CristinaZurbaSite/TarrotByAIWebsite
53 verbose os Darwin 25.0.0
54 verbose node v24.4.1
55 verbose npm  v11.4.2
56 verbose exit 1
57 verbose code 1
58 error A complete log of this run can be found in: /Users/code-with-a/Dev/CristinaZurbaSite/TarrotByAIWebsite/.npm-cache/_logs/2026-02-06T07_46_24_701Z-debug-0.log
